Archive member included to satisfy reference by file (symbol)

c:/program files (x86)/atollic/truestudio for stm32 9.0.1/armtools/bin/../lib/gcc/arm-atollic-eabi/6.3.1/../../../../arm-atollic-eabi/lib/armv6-m\libc_nano.a(lib_a-init.o)
                              startup\startup_stm32l073xx.o (__libc_init_array)
c:/program files (x86)/atollic/truestudio for stm32 9.0.1/armtools/bin/../lib/gcc/arm-atollic-eabi/6.3.1/../../../../arm-atollic-eabi/lib/armv6-m\libc_nano.a(lib_a-memcpy-stub.o)
                              Src\main.o (memcpy)
c:/program files (x86)/atollic/truestudio for stm32 9.0.1/armtools/bin/../lib/gcc/arm-atollic-eabi/6.3.1/../../../../arm-atollic-eabi/lib/armv6-m\libc_nano.a(lib_a-memset.o)
                              Drivers\STM32L0xx_HAL_Driver\Src\stm32l0xx_hal_rcc.o (memset)
c:/program files (x86)/atollic/truestudio for stm32 9.0.1/armtools/bin/../lib/gcc/arm-atollic-eabi/6.3.1/../../../../arm-atollic-eabi/lib/armv6-m\libc_nano.a(lib_a-strlen.o)
                              Src\main.o (strlen)
c:/program files (x86)/atollic/truestudio for stm32 9.0.1/armtools/bin/../lib/gcc/arm-atollic-eabi/6.3.1/armv6-m\libgcc.a(_thumb1_case_uqi.o)
                              Drivers\STM32L0xx_HAL_Driver\Src\stm32l0xx_hal_uart.o (__gnu_thumb1_case_uqi)
c:/program files (x86)/atollic/truestudio for stm32 9.0.1/armtools/bin/../lib/gcc/arm-atollic-eabi/6.3.1/armv6-m\libgcc.a(_udivsi3.o)
                              Drivers\STM32L0xx_HAL_Driver\Src\stm32l0xx_hal.o (__aeabi_uidiv)
c:/program files (x86)/atollic/truestudio for stm32 9.0.1/armtools/bin/../lib/gcc/arm-atollic-eabi/6.3.1/armv6-m\libgcc.a(_dvmd_tls.o)
                              c:/program files (x86)/atollic/truestudio for stm32 9.0.1/armtools/bin/../lib/gcc/arm-atollic-eabi/6.3.1/armv6-m\libgcc.a(_udivsi3.o) (__aeabi_idiv0)
c:/program files (x86)/atollic/truestudio for stm32 9.0.1/armtools/bin/../lib/gcc/arm-atollic-eabi/6.3.1/armv6-m\libgcc.a(_aeabi_uldivmod.o)
                              Drivers\STM32L0xx_HAL_Driver\Src\stm32l0xx_hal_uart.o (__aeabi_uldivmod)
c:/program files (x86)/atollic/truestudio for stm32 9.0.1/armtools/bin/../lib/gcc/arm-atollic-eabi/6.3.1/armv6-m\libgcc.a(_udivmoddi4.o)
                              c:/program files (x86)/atollic/truestudio for stm32 9.0.1/armtools/bin/../lib/gcc/arm-atollic-eabi/6.3.1/armv6-m\libgcc.a(_aeabi_uldivmod.o) (__udivmoddi4)
c:/program files (x86)/atollic/truestudio for stm32 9.0.1/armtools/bin/../lib/gcc/arm-atollic-eabi/6.3.1/armv6-m\libgcc.a(_clzdi2.o)
                              c:/program files (x86)/atollic/truestudio for stm32 9.0.1/armtools/bin/../lib/gcc/arm-atollic-eabi/6.3.1/armv6-m\libgcc.a(_udivmoddi4.o) (__clzdi2)
c:/program files (x86)/atollic/truestudio for stm32 9.0.1/armtools/bin/../lib/gcc/arm-atollic-eabi/6.3.1/armv6-m\libgcc.a(_clzsi2.o)
                              c:/program files (x86)/atollic/truestudio for stm32 9.0.1/armtools/bin/../lib/gcc/arm-atollic-eabi/6.3.1/armv6-m\libgcc.a(_clzdi2.o) (__clzsi2)

Allocating common symbols
Common symbol       size              file

uwTick              0x4               Drivers\STM32L0xx_HAL_Driver\Src\stm32l0xx_hal.o
pFlash              0x18              Drivers\STM32L0xx_HAL_Driver\Src\stm32l0xx_hal_flash.o
_mode               0x1               Src\SX1238\SX1238_STM32_Driver.o
hspi1               0x58              Src\spi.o
huart2              0x70              Src\usart.o

Discarded input sections

 .text          0x00000000        0x0 c:/program files (x86)/atollic/truestudio for stm32 9.0.1/armtools/bin/../lib/gcc/arm-atollic-eabi/6.3.1/armv6-m/crti.o
 .data          0x00000000        0x0 c:/program files (x86)/atollic/truestudio for stm32 9.0.1/armtools/bin/../lib/gcc/arm-atollic-eabi/6.3.1/armv6-m/crti.o
 .bss           0x00000000        0x0 c:/program files (x86)/atollic/truestudio for stm32 9.0.1/armtools/bin/../lib/gcc/arm-atollic-eabi/6.3.1/armv6-m/crti.o
 .data          0x00000000        0x4 c:/program files (x86)/atollic/truestudio for stm32 9.0.1/armtools/bin/../lib/gcc/arm-atollic-eabi/6.3.1/armv6-m/crtbegin.o
 .text          0x00000000        0x0 Drivers\STM32L0xx_HAL_Driver\Src\stm32l0xx_hal.o
 .data          0x00000000        0x0 Drivers\STM32L0xx_HAL_Driver\Src\stm32l0xx_hal.o
 .bss           0x00000000        0x0 Drivers\STM32L0xx_HAL_Driver\Src\stm32l0xx_hal.o
 .text.HAL_MspInit
                0x00000000        0x2 Drivers\STM32L0xx_HAL_Driver\Src\stm32l0xx_hal.o
 .text.HAL_MspDeInit
                0x00000000        0x2 Drivers\STM32L0xx_HAL_Driver\Src\stm32l0xx_hal.o
 .text.HAL_DeInit
                0x00000000       0x28 Drivers\STM32L0xx_HAL_Driver\Src\stm32l0xx_hal.o
 .text.HAL_SuspendTick
                0x00000000       0x10 Drivers\STM32L0xx_HAL_Driver\Src\stm32l0xx_hal.o
 .text.HAL_ResumeTick
                0x00000000       0x10 Drivers\STM32L0xx_HAL_Driver\Src\stm32l0xx_hal.o
 .text.HAL_GetHalVersion
[...]
Memory Configuration

Name             Origin             Length             Attributes
RAM              0x20000000         0x00005000         xrw
FLASH            0x08000000         0x00030000         xr
*default*        0x00000000         0xffffffff

Linker script and memory map

LOAD c:/program files (x86)/atollic/truestudio for stm32 9.0.1/armtools/bin/../lib/gcc/arm-atollic-eabi/6.3.1/armv6-m/crti.o
LOAD c:/program files (x86)/atollic/truestudio for stm32 9.0.1/armtools/bin/../lib/gcc/arm-atollic-eabi/6.3.1/armv6-m/crtbegin.o
LOAD Drivers\STM32L0xx_HAL_Driver\Src\stm32l0xx_hal.o
LOAD Drivers\STM32L0xx_HAL_Driver\Src\stm32l0xx_hal_cortex.o
LOAD Drivers\STM32L0xx_HAL_Driver\Src\stm32l0xx_hal_dma.o
LOAD Drivers\STM32L0xx_HAL_Driver\Src\stm32l0xx_hal_flash.o
LOAD Drivers\STM32L0xx_HAL_Driver\Src\stm32l0xx_hal_flash_ex.o
LOAD Drivers\STM32L0xx_HAL_Driver\Src\stm32l0xx_hal_flash_ramfunc.o
LOAD Drivers\STM32L0xx_HAL_Driver\Src\stm32l0xx_hal_gpio.o
LOAD Drivers\STM32L0xx_HAL_Driver\Src\stm32l0xx_hal_i2c.o
LOAD Drivers\STM32L0xx_HAL_Driver\Src\stm32l0xx_hal_i2c_ex.o
LOAD Drivers\STM32L0xx_HAL_Driver\Src\stm32l0xx_hal_pwr.o
LOAD Drivers\STM32L0xx_HAL_Driver\Src\stm32l0xx_hal_pwr_ex.o
LOAD Drivers\STM32L0xx_HAL_Driver\Src\stm32l0xx_hal_rcc.o
LOAD Drivers\STM32L0xx_HAL_Driver\Src\stm32l0xx_hal_rcc_ex.o
LOAD Drivers\STM32L0xx_HAL_Driver\Src\stm32l0xx_hal_spi.o
LOAD Drivers\STM32L0xx_HAL_Driver\Src\stm32l0xx_hal_tim.o
LOAD Drivers\STM32L0xx_HAL_Driver\Src\stm32l0xx_hal_tim_ex.o
LOAD Drivers\STM32L0xx_HAL_Driver\Src\stm32l0xx_hal_uart.o
LOAD Drivers\STM32L0xx_HAL_Driver\Src\stm32l0xx_hal_uart_ex.o
LOAD Src\SX1238\SX1238_STM32_Driver.o
LOAD Src\gpio.o
LOAD Src\main.o
LOAD Src\spi.o
LOAD Src\stm32l0xx_hal_msp.o
LOAD Src\stm32l0xx_it.o
LOAD Src\system_stm32l0xx.o
LOAD Src\usart.o
LOAD startup\startup_stm32l073xx.o
                0x00000080                malloc_getpagesize_P = 0x80
START GROUP
LOAD c:/program files (x86)/atollic/truestudio for stm32 9.0.1/armtools/bin/../lib/gcc/arm-atollic-eabi/6.3.1/../../../../arm-atollic-eabi/lib/armv6-m\libc_nano.a
LOAD c:/program files (x86)/atollic/truestudio for stm32 9.0.1/armtools/bin/../lib/gcc/arm-atollic-eabi/6.3.1/../../../../arm-atollic-eabi/lib/armv6-m\libm.a
END GROUP
START GROUP
LOAD c:/program files (x86)/atollic/truestudio for stm32 9.0.1/armtools/bin/../lib/gcc/arm-atollic-eabi/6.3.1/armv6-m\libgcc.a
LOAD c:/program files (x86)/atollic/truestudio for stm32 9.0.1/armtools/bin/../lib/gcc/arm-atollic-eabi/6.3.1/../../../../arm-atollic-eabi/lib/armv6-m\libc_nano.a
END GROUP
START GROUP
LOAD c:/program files (x86)/atollic/truestudio for stm32 9.0.1/armtools/bin/../lib/gcc/arm-atollic-eabi/6.3.1/armv6-m\libgcc.a
LOAD c:/program files (x86)/atollic/truestudio for stm32 9.0.1/armtools/bin/../lib/gcc/arm-atollic-eabi/6.3.1/../../../../arm-atollic-eabi/lib/armv6-m\libc_nano.a
LOAD c:/program files (x86)/atollic/truestudio for stm32 9.0.1/armtools/bin/../lib/gcc/arm-atollic-eabi/6.3.1/../../../../arm-atollic-eabi/lib/armv6-m\libnosys.a
END GROUP
START GROUP
LOAD c:/program files (x86)/atollic/truestudio for stm32 9.0.1/armtools/bin/../lib/gcc/arm-atollic-eabi/6.3.1/armv6-m\libgcc.a
LOAD c:/program files (x86)/atollic/truestudio for stm32 9.0.1/armtools/bin/../lib/gcc/arm-atollic-eabi/6.3.1/../../../../arm-atollic-eabi/lib/armv6-m\libc_nano.a
LOAD c:/program files (x86)/atollic/truestudio for stm32 9.0.1/armtools/bin/../lib/gcc/arm-atollic-eabi/6.3.1/../../../../arm-atollic-eabi/lib/armv6-m\libnosys.a
END GROUP
LOAD c:/program files (x86)/atollic/truestudio for stm32 9.0.1/armtools/bin/../lib/gcc/arm-atollic-eabi/6.3.1/armv6-m/crtend.o
LOAD c:/program files (x86)/atollic/truestudio for stm32 9.0.1/armtools/bin/../lib/gcc/arm-atollic-eabi/6.3.1/armv6-m/crtn.o
                0x20005000                _estack = 0x20005000
                0x00000200                _Min_Heap_Size = 0x200
                0x00000400                _Min_Stack_Size = 0x400

.isr_vector     0x08000000       0xc0
                0x08000000                . = ALIGN (0x4)
 *(.isr_vector)
 .isr_vector    0x08000000       0xc0 startup\startup_stm32l073xx.o
                0x08000000                g_pfnVectors
                0x080000c0                . = ALIGN (0x4)

.text           0x080000c0     0x2570
                0x080000c0                . = ALIGN (0x4)
 *(.text)
 .text          0x080000c0       0x48 c:/program files (x86)/atollic/truestudio for stm32 9.0.1/armtools/bin/../lib/gcc/arm-atollic-eabi/6.3.1/armv6-m/crtbegin.o
 .text          0x08000108        0xe c:/program files (x86)/atollic/truestudio for stm32 9.0.1/armtools/bin/../lib/gcc/arm-atollic-eabi/6.3.1/../../../../arm-atollic-eabi/lib/armv6-m\libc_nano.a(lib_a-strlen.o)
                0x08000108                strlen
 *fill*         0x08000116        0x2 
 .text          0x08000118       0x14 c:/program files (x86)/atollic/truestudio for stm32 9.0.1/armtools/bin/../lib/gcc/arm-atollic-eabi/6.3.1/armv6-m\libgcc.a(_thumb1_case_uqi.o)
                0x08000118                __gnu_thumb1_case_uqi
 .text          0x0800012c      0x114 c:/program files (x86)/atollic/truestudio for stm32 9.0.1/armtools/bin/../lib/gcc/arm-atollic-eabi/6.3.1/armv6-m\libgcc.a(_udivsi3.o)
                0x0800012c                __aeabi_uidiv
                0x0800012c                __udivsi3
                0x08000238                __aeabi_uidivmod
 .text          0x08000240        0x4 c:/program files (x86)/atollic/truestudio for stm32 9.0.1/armtools/bin/../lib/gcc/arm-atollic-eabi/6.3.1/armv6-m\libgcc.a(_dvmd_tls.o)
                0x08000240                __aeabi_idiv0
                0x08000240                __aeabi_ldiv0
 .text          0x08000244       0x40 c:/program files (x86)/atollic/truestudio for stm32 9.0.1/armtools/bin/../lib/gcc/arm-atollic-eabi/6.3.1/armv6-m\libgcc.a(_aeabi_uldivmod.o)
                0x08000244                __aeabi_uldivmod
 .text          0x08000284      0x180 c:/program files (x86)/atollic/truestudio for stm32 9.0.1/armtools/bin/../lib/gcc/arm-atollic-eabi/6.3.1/armv6-m\libgcc.a(_udivmoddi4.o)
                0x08000284                __udivmoddi4
 .text          0x08000404       0x18 c:/program files (x86)/atollic/truestudio for stm32 9.0.1/armtools/bin/../lib/gcc/arm-atollic-eabi/6.3.1/armv6-m\libgcc.a(_clzdi2.o)
                0x08000404                __clzdi2
 .text          0x0800041c       0x3c c:/program files (x86)/atollic/truestudio for stm32 9.0.1/armtools/bin/../lib/gcc/arm-atollic-eabi/6.3.1/armv6-m\libgcc.a(_clzsi2.o)
                0x0800041c                __clzsi2
 *(.text*)
 .text.HAL_InitTick
                0x08000458       0x28 Drivers\STM32L0xx_HAL_Driver\Src\stm32l0xx_hal.o
                0x08000458                HAL_InitTick
 .text.HAL_Init
                0x08000480       0x20 Drivers\STM32L0xx_HAL_Driver\Src\stm32l0xx_hal.o
                0x08000480                HAL_Init
 .text.HAL_IncTick
                0x080004a0       0x10 Drivers\STM32L0xx_HAL_Driver\Src\stm32l0xx_hal.o
                0x080004a0                HAL_IncTick
 .text.HAL_GetTick
                0x080004b0        0xc Drivers\STM32L0xx_HAL_Driver\Src\stm32l0xx_hal.o
                0x080004b0                HAL_GetTick
 .text.HAL_Delay
                0x080004bc       0x18 Drivers\STM32L0xx_HAL_Driver\Src\stm32l0xx_hal.o
                0x080004bc                HAL_Delay
 .text.HAL_NVIC_SetPriority
                0x080004d4       0x60 Drivers\STM32L0xx_HAL_Driver\Src\stm32l0xx_hal_cortex.o
                0x080004d4                HAL_NVIC_SetPriority
 .text.HAL_NVIC_EnableIRQ
                0x08000534       0x14 Drivers\STM32L0xx_HAL_Driver\Src\stm32l0xx_hal_cortex.o
                0x08000534                HAL_NVIC_EnableIRQ
 .text.HAL_SYSTICK_Config
                0x08000548       0x34 Drivers\STM32L0xx_HAL_Driver\Src\stm32l0xx_hal_cortex.o
                0x08000548                HAL_SYSTICK_Config
 .text.HAL_SYSTICK_CLKSourceConfig
                0x0800057c       0x1c Drivers\STM32L0xx_HAL_Driver\Src\stm32l0xx_hal_cortex.o
                0x0800057c                HAL_SYSTICK_CLKSourceConfig
 .text.HAL_SYSTICK_Callback
                0x08000598        0x2 Drivers\STM32L0xx_HAL_Driver\Src\stm32l0xx_hal_cortex.o
                0x08000598                HAL_SYSTICK_Callback
 .text.HAL_SYSTICK_IRQHandler
                0x0800059a        0x8 Drivers\STM32L0xx_HAL_Driver\Src\stm32l0xx_hal_cortex.o
                0x0800059a                HAL_SYSTICK_IRQHandler
 *fill*         0x080005a2        0x2 
 .text.HAL_GPIO_Init
                0x080005a4      0x178 Drivers\STM32L0xx_HAL_Driver\Src\stm32l0xx_hal_gpio.o
                0x080005a4                HAL_GPIO_Init
 .text.HAL_GPIO_WritePin
                0x0800071c        0xc Drivers\STM32L0xx_HAL_Driver\Src\stm32l0xx_hal_gpio.o
                0x0800071c                HAL_GPIO_WritePin
 .text.HAL_GPIO_EXTI_IRQHandler
                0x08000728       0x18 Drivers\STM32L0xx_HAL_Driver\Src\stm32l0xx_hal_gpio.o
                0x08000728                HAL_GPIO_EXTI_IRQHandler
 .text.RCC_SetFlashLatencyFromMSIRange
                0x08000740       0x74 Drivers\STM32L0xx_HAL_Driver\Src\stm32l0xx_hal_rcc.o
 .text.HAL_RCC_OscConfig
                0x080007b4      0x4e0 Drivers\STM32L0xx_HAL_Driver\Src\stm32l0xx_hal_rcc.o
                0x080007b4                HAL_RCC_OscConfig
 .text.HAL_RCC_GetSysClockFreq
                0x08000c94       0x78 Drivers\STM32L0xx_HAL_Driver\Src\stm32l0xx_hal_rcc.o
                0x08000c94                HAL_RCC_GetSysClockFreq
 .text.HAL_RCC_ClockConfig
                0x08000d0c      0x170 Drivers\STM32L0xx_HAL_Driver\Src\stm32l0xx_hal_rcc.o
                0x08000d0c                HAL_RCC_ClockConfig
 .text.HAL_RCC_GetHCLKFreq
                0x08000e7c        0xc Drivers\STM32L0xx_HAL_Driver\Src\stm32l0xx_hal_rcc.o
                0x08000e7c                HAL_RCC_GetHCLKFreq
 .text.HAL_RCC_GetPCLK1Freq
                0x08000e88       0x20 Drivers\STM32L0xx_HAL_Driver\Src\stm32l0xx_hal_rcc.o
                0x08000e88                HAL_RCC_GetPCLK1Freq
 .text.HAL_RCC_GetPCLK2Freq
                0x08000ea8       0x20 Drivers\STM32L0xx_HAL_Driver\Src\stm32l0xx_hal_rcc.o
                0x08000ea8                HAL_RCC_GetPCLK2Freq
 .text.HAL_RCCEx_PeriphCLKConfig
                0x08000ec8      0x1d4 Drivers\STM32L0xx_HAL_Driver\Src\stm32l0xx_hal_rcc_ex.o
                0x08000ec8                HAL_RCCEx_PeriphCLKConfig
 .text.HAL_RCCEx_GetPeriphCLKFreq
                0x0800109c      0x1fc Drivers\STM32L0xx_HAL_Driver\Src\stm32l0xx_hal_rcc_ex.o
                0x0800109c                HAL_RCCEx_GetPeriphCLKFreq
 .text.SPI_WaitOnFlagUntilTimeout
                0x08001298       0x94 Drivers\STM32L0xx_HAL_Driver\Src\stm32l0xx_hal_spi.o
 .text.HAL_SPI_Init
                0x0800132c       0x80 Drivers\STM32L0xx_HAL_Driver\Src\stm32l0xx_hal_spi.o
                0x0800132c                HAL_SPI_Init
 .text.HAL_SPI_Transmit
                0x080013ac      0x178 Drivers\STM32L0xx_HAL_Driver\Src\stm32l0xx_hal_spi.o
                0x080013ac                HAL_SPI_Transmit
 .text.HAL_SPI_TransmitReceive
                0x08001524      0x2f0 Drivers\STM32L0xx_HAL_Driver\Src\stm32l0xx_hal_spi.o
                0x08001524                HAL_SPI_TransmitReceive
 .text.HAL_SPI_Receive
                0x08001814      0x214 Drivers\STM32L0xx_HAL_Driver\Src\stm32l0xx_hal_spi.o
                0x08001814                HAL_SPI_Receive
 .text.UART_SetConfig
                0x08001a28      0x260 Drivers\STM32L0xx_HAL_Driver\Src\stm32l0xx_hal_uart.o
                0x08001a28                UART_SetConfig
 .text.UART_AdvFeatureConfig
                0x08001c88       0xd0 Drivers\STM32L0xx_HAL_Driver\Src\stm32l0xx_hal_uart.o
                0x08001c88                UART_AdvFeatureConfig
 .text.UART_WaitOnFlagUntilTimeout
                0x08001d58       0x64 Drivers\STM32L0xx_HAL_Driver\Src\stm32l0xx_hal_uart.o
                0x08001d58                UART_WaitOnFlagUntilTimeout
 .text.UART_CheckIdleState
                0x08001dbc       0x64 Drivers\STM32L0xx_HAL_Driver\Src\stm32l0xx_hal_uart.o
                0x08001dbc                UART_CheckIdleState
 .text.HAL_UART_Init
                0x08001e20       0x6c Drivers\STM32L0xx_HAL_Driver\Src\stm32l0xx_hal_uart.o
                0x08001e20                HAL_UART_Init
 .text.SX1238_SPI_Select
                0x08001e8c       0x12 Src\SX1238\SX1238_STM32_Driver.o
                0x08001e8c                SX1238_SPI_Select
 .text.SX1238_SPI_Unselect
                0x08001e9e       0x12 Src\SX1238\SX1238_STM32_Driver.o
                0x08001e9e                SX1238_SPI_Unselect
 .text.SX1238_Reset
                0x08001eb0       0x68 Src\SX1238\SX1238_STM32_Driver.o
                0x08001eb0                SX1238_Reset
 .text.SX1238_Read_Register
                0x08001f18       0x38 Src\SX1238\SX1238_STM32_Driver.o
                0x08001f18                SX1238_Read_Register
 .text.SX1238_Write_Register
                0x08001f50       0x48 Src\SX1238\SX1238_STM32_Driver.o
                0x08001f50                SX1238_Write_Register
 .text.SX1238_Set_Mode
                0x08001f98       0x94 Src\SX1238\SX1238_STM32_Driver.o
                0x08001f98                SX1238_Set_Mode
 .text.SX1238_Handle_Interrupt
                0x0800202c       0x28 Src\SX1238\SX1238_STM32_Driver.o
                0x0800202c                SX1238_Handle_Interrupt
 .text.SX1238_Send_Frame
                0x08002054       0xc0 Src\SX1238\SX1238_STM32_Driver.o
                0x08002054                SX1238_Send_Frame
 .text.SX1238_Init
                0x08002114       0x9e Src\SX1238\SX1238_STM32_Driver.o
                0x08002114                SX1238_Init
 *fill*         0x080021b2        0x2 
 .text.MX_GPIO_Init
                0x080021b4       0xd4 Src\gpio.o
                0x080021b4                MX_GPIO_Init
 .text.SystemClock_Config
                0x08002288       0x9c Src\main.o
                0x08002288                SystemClock_Config
 .text.startup.main
                0x08002324       0x1c Src\main.o
                0x08002324                main
 .text.HAL_GPIO_EXTI_Callback
                0x08002340       0x38 Src\main.o
                0x08002340                HAL_GPIO_EXTI_Callback
 .text._Error_Handler
                0x08002378        0x2 Src\main.o
                0x08002378                _Error_Handler
 *fill*         0x0800237a        0x2 
 .text.MX_SPI1_Init
                0x0800237c       0x4c Src\spi.o
                0x0800237c                MX_SPI1_Init
 .text.HAL_SPI_MspInit
                0x080023c8       0x5c Src\spi.o
                0x080023c8                HAL_SPI_MspInit
 .text.HAL_MspInit
                0x08002424       0x40 Src\stm32l0xx_hal_msp.o
                0x08002424                HAL_MspInit
 .text.SVC_Handler
                0x08002464        0x2 Src\stm32l0xx_it.o
                0x08002464                SVC_Handler
 .text.PendSV_Handler
                0x08002466        0x2 Src\stm32l0xx_it.o
                0x08002466                PendSV_Handler
 .text.SysTick_Handler
                0x08002468        0xc Src\stm32l0xx_it.o
                0x08002468                SysTick_Handler
 .text.EXTI4_15_IRQHandler
                0x08002474       0x18 Src\stm32l0xx_it.o
                0x08002474                EXTI4_15_IRQHandler
 .text.SystemInit
                0x0800248c       0x5c Src\system_stm32l0xx.o
                0x0800248c                SystemInit
 .text.MX_USART2_UART_Init
                0x080024e8       0x40 Src\usart.o
                0x080024e8                MX_USART2_UART_Init
 .text.HAL_UART_MspInit
                0x08002528       0x40 Src\usart.o
                0x08002528                HAL_UART_MspInit
 .text.Reset_Handler
                0x08002568       0x50 startup\startup_stm32l073xx.o
                0x08002568                Reset_Handler
 .text.Default_Handler
                0x080025b8        0x2 startup\startup_stm32l073xx.o
                0x080025b8                TSC_IRQHandler
                0x080025b8                HardFault_Handler
                0x080025b8                ADC1_COMP_IRQHandler
                0x080025b8                PVD_IRQHandler
                0x080025b8                NMI_Handler
                0x080025b8                I2C1_IRQHandler
                0x080025b8                RCC_CRS_IRQHandler
                0x080025b8                SPI1_IRQHandler
                0x080025b8                TIM6_DAC_IRQHandler
                0x080025b8                EXTI2_3_IRQHandler
                0x080025b8                I2C2_IRQHandler
                0x080025b8                RTC_IRQHandler
                0x080025b8                LCD_IRQHandler
                0x080025b8                DMA1_Channel4_5_6_7_IRQHandler
                0x080025b8                TIM3_IRQHandler
                0x080025b8                DMA1_Channel1_IRQHandler
                0x080025b8                USART4_5_IRQHandler
                0x080025b8                Default_Handler
                0x080025b8                TIM22_IRQHandler
                0x080025b8                TIM7_IRQHandler
                0x080025b8                EXTI0_1_IRQHandler
                0x080025b8                USB_IRQHandler
                0x080025b8                I2C3_IRQHandler
                0x080025b8                SPI2_IRQHandler
                0x080025b8                TIM21_IRQHandler
                0x080025b8                WWDG_IRQHandler
                0x080025b8                TIM2_IRQHandler
                0x080025b8                DMA1_Channel2_3_IRQHandler
                0x080025b8                USART2_IRQHandler
                0x080025b8                FLASH_IRQHandler
                0x080025b8                USART1_IRQHandler
                0x080025b8                RNG_LPUART1_IRQHandler
                0x080025b8                LPTIM1_IRQHandler
 *fill*         0x080025ba        0x2 
 .text.__libc_init_array
                0x080025bc       0x48 c:/program files (x86)/atollic/truestudio for stm32 9.0.1/armtools/bin/../lib/gcc/arm-atollic-eabi/6.3.1/../../../../arm-atollic-eabi/lib/armv6-m\libc_nano.a(lib_a-init.o)
                0x080025bc                __libc_init_array
 .text.memcpy   0x08002604       0x12 c:/program files (x86)/atollic/truestudio for stm32 9.0.1/armtools/bin/../lib/gcc/arm-atollic-eabi/6.3.1/../../../../arm-atollic-eabi/lib/armv6-m\libc_nano.a(lib_a-memcpy-stub.o)
                0x08002604                memcpy
 *(.glue_7)
 .glue_7        0x08002616        0x0 linker stubs
 *(.glue_7t)
 .glue_7t       0x08002616        0x0 linker stubs
 *(.eh_frame)
 *fill*         0x08002616        0x2 
 .eh_frame      0x08002618        0x0 c:/program files (x86)/atollic/truestudio for stm32 9.0.1/armtools/bin/../lib/gcc/arm-atollic-eabi/6.3.1/armv6-m/crtbegin.o
 *(.init)
 .init          0x08002618        0x4 c:/program files (x86)/atollic/truestudio for stm32 9.0.1/armtools/bin/../lib/gcc/arm-atollic-eabi/6.3.1/armv6-m/crti.o
                0x08002618                _init
 .init          0x0800261c        0x8 c:/program files (x86)/atollic/truestudio for stm32 9.0.1/armtools/bin/../lib/gcc/arm-atollic-eabi/6.3.1/armv6-m/crtn.o
 *(.fini)
 .fini          0x08002624        0x4 c:/program files (x86)/atollic/truestudio for stm32 9.0.1/armtools/bin/../lib/gcc/arm-atollic-eabi/6.3.1/armv6-m/crti.o
                0x08002624                _fini
 .fini          0x08002628        0x8 c:/program files (x86)/atollic/truestudio for stm32 9.0.1/armtools/bin/../lib/gcc/arm-atollic-eabi/6.3.1/armv6-m/crtn.o
                0x08002630                . = ALIGN (0x4)
                0x08002630                _etext = .

.vfp11_veneer   0x08002630        0x0
 .vfp11_veneer  0x08002630        0x0 linker stubs

.v4_bx          0x08002630        0x0
 .v4_bx         0x08002630        0x0 linker stubs

.iplt           0x08002630        0x0
 .iplt          0x08002630        0x0 c:/program files (x86)/atollic/truestudio for stm32 9.0.1/armtools/bin/../lib/gcc/arm-atollic-eabi/6.3.1/armv6-m/crtbegin.o

.rodata         0x08002630       0x68
                0x08002630                . = ALIGN (0x4)
 *(.rodata)
 .rodata        0x08002630       0x1a Src\main.o
 *(.rodata*)
 .rodata.CSWTCH.55
                0x0800264a        0x4 Drivers\STM32L0xx_HAL_Driver\Src\stm32l0xx_hal_uart.o
 .rodata.CSWTCH.56
                0x0800264e        0xd Drivers\STM32L0xx_HAL_Driver\Src\stm32l0xx_hal_uart.o
 .rodata.MX_SPI1_Init.str1.1
                0x0800265b        0xd Src\spi.o
 .rodata.AHBPrescTable
                0x08002668       0x10 Src\system_stm32l0xx.o
                0x08002668                AHBPrescTable
 .rodata.APBPrescTable
                0x08002678        0x8 Src\system_stm32l0xx.o
                0x08002678                APBPrescTable
 .rodata.PLLMulTable
                0x08002680        0x9 Src\system_stm32l0xx.o
                0x08002680                PLLMulTable
 .rodata.MX_USART2_UART_Init.str1.1
                0x08002689        0xf Src\usart.o
                0x08002698                . = ALIGN (0x4)

.ARM.extab
 *(.ARM.extab* .gnu.linkonce.armextab.*)

.ARM            0x08002698        0x8
                0x08002698                __exidx_start = .
 *(.ARM.exidx*)
 .ARM.exidx     0x08002698        0x8 c:/program files (x86)/atollic/truestudio for stm32 9.0.1/armtools/bin/../lib/gcc/arm-atollic-eabi/6.3.1/armv6-m\libgcc.a(_udivmoddi4.o)
                0x080026a0                __exidx_end = .

.rel.dyn        0x080026a0        0x0
 .rel.iplt      0x080026a0        0x0 c:/program files (x86)/atollic/truestudio for stm32 9.0.1/armtools/bin/../lib/gcc/arm-atollic-eabi/6.3.1/armv6-m/crtbegin.o

.preinit_array  0x080026a0        0x0
                0x080026a0                PROVIDE (__preinit_array_start, .)
 *(.preinit_array*)
                0x080026a0                PROVIDE (__preinit_array_end, .)

.init_array     0x080026a0        0x4
                0x080026a0                PROVIDE (__init_array_start, .)
 *(SORT(.init_array.*))
 *(.init_array*)
 .init_array    0x080026a0        0x4 c:/program files (x86)/atollic/truestudio for stm32 9.0.1/armtools/bin/../lib/gcc/arm-atollic-eabi/6.3.1/armv6-m/crtbegin.o
                0x080026a4                PROVIDE (__init_array_end, .)

.fini_array     0x080026a4        0x4
                [!provide]                PROVIDE (__fini_array_start, .)
 *(SORT(.fini_array.*))
 *(.fini_array*)
 .fini_array    0x080026a4        0x4 c:/program files (x86)/atollic/truestudio for stm32 9.0.1/armtools/bin/../lib/gcc/arm-atollic-eabi/6.3.1/armv6-m/crtbegin.o
                [!provide]                PROVIDE (__fini_array_end, .)
                0x080026a8                _sidata = LOADADDR (.data)

.data           0x20000000        0x4 load address 0x080026a8
                0x20000000                . = ALIGN (0x4)
                0x20000000                _sdata = .
 *(.data)
 *(.data*)
 .data.SystemCoreClock
                0x20000000        0x4 Src\system_stm32l0xx.o
                0x20000000                SystemCoreClock
                0x20000004                . = ALIGN (0x4)
                0x20000004                _edata = .

.igot.plt       0x20000004        0x0 load address 0x080026ac
 .igot.plt      0x20000004        0x0 c:/program files (x86)/atollic/truestudio for stm32 9.0.1/armtools/bin/../lib/gcc/arm-atollic-eabi/6.3.1/armv6-m/crtbegin.o
                0x20000004                . = ALIGN (0x4)

.bss            0x20000004       0xec load address 0x080026ac
                0x20000004                _sbss = .
                0x20000004                __bss_start__ = _sbss
 *(.bss)
 .bss           0x20000004       0x1c c:/program files (x86)/atollic/truestudio for stm32 9.0.1/armtools/bin/../lib/gcc/arm-atollic-eabi/6.3.1/armv6-m/crtbegin.o
 *(.bss*)
 *(COMMON)
 COMMON         0x20000020        0x4 Drivers\STM32L0xx_HAL_Driver\Src\stm32l0xx_hal.o
                0x20000020                uwTick
 COMMON         0x20000024        0x1 Src\SX1238\SX1238_STM32_Driver.o
                0x20000024                _mode
 *fill*         0x20000025        0x3 
 COMMON         0x20000028       0x58 Src\spi.o
                0x20000028                hspi1
 COMMON         0x20000080       0x70 Src\usart.o
                0x20000080                huart2
                0x200000f0                . = ALIGN (0x4)
                0x200000f0                _ebss = .
                0x200000f0                __bss_end__ = _ebss

._user_heap_stack
                0x200000f0      0x600 load address 0x080026ac
                0x200000f0                . = ALIGN (0x4)
                [!provide]                PROVIDE (end, .)
                [!provide]                PROVIDE (_end, .)
                0x200002f0                . = (. + _Min_Heap_Size)
 *fill*         0x200000f0      0x200 
                0x200006f0                . = (. + _Min_Stack_Size)
 *fill*         0x200002f0      0x400 
                0x200006f0                . = ALIGN (0x4)

/DISCARD/
 libc.a(*)
 libm.a(*)
 libgcc.a(*)

.ARM.attributes
                0x00000000       0x28
 *(.ARM.attributes)
 .ARM.attributes
                0x00000000       0x1e c:/program files (x86)/atollic/truestudio for stm32 9.0.1/armtools/bin/../lib/gcc/arm-atollic-eabi/6.3.1/armv6-m/crti.o
 .ARM.attributes
                0x0000001e       0x2c c:/program files (x86)/atollic/truestudio for stm32 9.0.1/armtools/bin/../lib/gcc/arm-atollic-eabi/6.3.1/armv6-m/crtbegin.o
 .ARM.attributes
                0x0000004a       0x32 Drivers\STM32L0xx_HAL_Driver\Src\stm32l0xx_hal.o
 .ARM.attributes
                0x0000007c       0x32 Drivers\STM32L0xx_HAL_Driver\Src\stm32l0xx_hal_cortex.o
 .ARM.attributes
                0x000000ae       0x32 Drivers\STM32L0xx_HAL_Driver\Src\stm32l0xx_hal_gpio.o
 .ARM.attributes
                0x000000e0       0x32 Drivers\STM32L0xx_HAL_Driver\Src\stm32l0xx_hal_rcc.o
 .ARM.attributes
                0x00000112       0x32 Drivers\STM32L0xx_HAL_Driver\Src\stm32l0xx_hal_rcc_ex.o
 .ARM.attributes
                0x00000144       0x32 Drivers\STM32L0xx_HAL_Driver\Src\stm32l0xx_hal_spi.o
 .ARM.attributes
                0x00000176       0x32 Drivers\STM32L0xx_HAL_Driver\Src\stm32l0xx_hal_uart.o
 .ARM.attributes
                0x000001a8       0x32 Src\SX1238\SX1238_STM32_Driver.o
 .ARM.attributes
                0x000001da       0x32 Src\gpio.o
 .ARM.attributes
                0x0000020c       0x32 Src\main.o
 .ARM.attributes
                0x0000023e       0x32 Src\spi.o
 .ARM.attributes
                0x00000270       0x32 Src\stm32l0xx_hal_msp.o
 .ARM.attributes
                0x000002a2       0x32 Src\stm32l0xx_it.o
 .ARM.attributes
                0x000002d4       0x32 Src\system_stm32l0xx.o
 .ARM.attributes
                0x00000306       0x32 Src\usart.o
 .ARM.attributes
                0x00000338       0x22 startup\startup_stm32l073xx.o
 .ARM.attributes
                0x0000035a       0x2c c:/program files (x86)/atollic/truestudio for stm32 9.0.1/armtools/bin/../lib/gcc/arm-atollic-eabi/6.3.1/../../../../arm-atollic-eabi/lib/armv6-m\libc_nano.a(lib_a-init.o)
 .ARM.attributes
                0x00000386       0x2c c:/program files (x86)/atollic/truestudio for stm32 9.0.1/armtools/bin/../lib/gcc/arm-atollic-eabi/6.3.1/../../../../arm-atollic-eabi/lib/armv6-m\libc_nano.a(lib_a-memcpy-stub.o)
 .ARM.attributes
                0x000003b2       0x1c c:/program files (x86)/atollic/truestudio for stm32 9.0.1/armtools/bin/../lib/gcc/arm-atollic-eabi/6.3.1/../../../../arm-atollic-eabi/lib/armv6-m\libc_nano.a(lib_a-strlen.o)
 .ARM.attributes
                0x000003ce       0x1e c:/program files (x86)/atollic/truestudio for stm32 9.0.1/armtools/bin/../lib/gcc/arm-atollic-eabi/6.3.1/armv6-m\libgcc.a(_thumb1_case_uqi.o)
 .ARM.attributes
                0x000003ec       0x1e c:/program files (x86)/atollic/truestudio for stm32 9.0.1/armtools/bin/../lib/gcc/arm-atollic-eabi/6.3.1/armv6-m\libgcc.a(_udivsi3.o)
 .ARM.attributes
                0x0000040a       0x1e c:/program files (x86)/atollic/truestudio for stm32 9.0.1/armtools/bin/../lib/gcc/arm-atollic-eabi/6.3.1/armv6-m\libgcc.a(_dvmd_tls.o)
 .ARM.attributes
                0x00000428       0x1e c:/program files (x86)/atollic/truestudio for stm32 9.0.1/armtools/bin/../lib/gcc/arm-atollic-eabi/6.3.1/armv6-m\libgcc.a(_aeabi_uldivmod.o)
 .ARM.attributes
                0x00000446       0x2c c:/program files (x86)/atollic/truestudio for stm32 9.0.1/armtools/bin/../lib/gcc/arm-atollic-eabi/6.3.1/armv6-m\libgcc.a(_udivmoddi4.o)
 .ARM.attributes
                0x00000472       0x1e c:/program files (x86)/atollic/truestudio for stm32 9.0.1/armtools/bin/../lib/gcc/arm-atollic-eabi/6.3.1/armv6-m\libgcc.a(_clzdi2.o)
 .ARM.attributes
                0x00000490       0x1e c:/program files (x86)/atollic/truestudio for stm32 9.0.1/armtools/bin/../lib/gcc/arm-atollic-eabi/6.3.1/armv6-m\libgcc.a(_clzsi2.o)
 .ARM.attributes
                0x000004ae       0x1e c:/program files (x86)/atollic/truestudio for stm32 9.0.1/armtools/bin/../lib/gcc/arm-atollic-eabi/6.3.1/armv6-m/crtn.o
OUTPUT(SmartiePiDrivewayAlert.elf elf32-littlearm)

.debug_info     0x00000000    0x1163b
 .debug_info    0x00000000     0x100e Drivers\STM32L0xx_HAL_Driver\Src\stm32l0xx_hal.o
 .debug_info    0x0000100e     0x1156 Drivers\STM32L0xx_HAL_Driver\Src\stm32l0xx_hal_cortex.o
 .debug_info    0x00002164      0xede Drivers\STM32L0xx_HAL_Driver\Src\stm32l0xx_hal_gpio.o
 .debug_info    0x00003042     0x13cd Drivers\STM32L0xx_HAL_Driver\Src\stm32l0xx_hal_rcc.o
 .debug_info    0x0000440f     0x10dc Drivers\STM32L0xx_HAL_Driver\Src\stm32l0xx_hal_rcc_ex.o
 .debug_info    0x000054eb     0x1d88 Drivers\STM32L0xx_HAL_Driver\Src\stm32l0xx_hal_spi.o
 .debug_info    0x00007273     0x2226 Drivers\STM32L0xx_HAL_Driver\Src\stm32l0xx_hal_uart.o
 .debug_info    0x00009499     0x1932 Src\SX1238\SX1238_STM32_Driver.o
 .debug_info    0x0000adcb      0xdee Src\gpio.o
 .debug_info    0x0000bbb9     0x164c Src\main.o
 .debug_info    0x0000d205     0x110c Src\spi.o
 .debug_info    0x0000e311      0xbb0 Src\stm32l0xx_hal_msp.o
 .debug_info    0x0000eec1      0x9f7 Src\stm32l0xx_it.o
 .debug_info    0x0000f8b8      0xb9e Src\system_stm32l0xx.o
 .debug_info    0x00010456     0x1152 Src\usart.o
 .debug_info    0x000115a8       0x93 startup\startup_stm32l073xx.o

.debug_abbrev   0x00000000     0x25a1
 .debug_abbrev  0x00000000      0x2c0 Drivers\STM32L0xx_HAL_Driver\Src\stm32l0xx_hal.o
 .debug_abbrev  0x000002c0      0x319 Drivers\STM32L0xx_HAL_Driver\Src\stm32l0xx_hal_cortex.o
 .debug_abbrev  0x000005d9      0x252 Drivers\STM32L0xx_HAL_Driver\Src\stm32l0xx_hal_gpio.o
 .debug_abbrev  0x0000082b      0x32a Drivers\STM32L0xx_HAL_Driver\Src\stm32l0xx_hal_rcc.o
 .debug_abbrev  0x00000b55      0x2b2 Drivers\STM32L0xx_HAL_Driver\Src\stm32l0xx_hal_rcc_ex.o
 .debug_abbrev  0x00000e07      0x357 Drivers\STM32L0xx_HAL_Driver\Src\stm32l0xx_hal_spi.o
 .debug_abbrev  0x0000115e      0x3a7 Drivers\STM32L0xx_HAL_Driver\Src\stm32l0xx_hal_uart.o
 .debug_abbrev  0x00001505      0x23a Src\SX1238\SX1238_STM32_Driver.o
 .debug_abbrev  0x0000173f      0x1f5 Src\gpio.o
 .debug_abbrev  0x00001934      0x2b1 Src\main.o
 .debug_abbrev  0x00001be5      0x210 Src\spi.o
 .debug_abbrev  0x00001df5      0x1dd Src\stm32l0xx_hal_msp.o
 .debug_abbrev  0x00001fd2      0x1e3 Src\stm32l0xx_it.o
 .debug_abbrev  0x000021b5      0x1ca Src\system_stm32l0xx.o
 .debug_abbrev  0x0000237f      0x210 Src\usart.o
 .debug_abbrev  0x0000258f       0x12 startup\startup_stm32l073xx.o

.debug_loc      0x00000000     0x3d99
 .debug_loc     0x00000000       0xac Drivers\STM32L0xx_HAL_Driver\Src\stm32l0xx_hal.o
 .debug_loc     0x000000ac      0x3cc Drivers\STM32L0xx_HAL_Driver\Src\stm32l0xx_hal_cortex.o
 .debug_loc     0x00000478      0x2f9 Drivers\STM32L0xx_HAL_Driver\Src\stm32l0xx_hal_gpio.o
 .debug_loc     0x00000771      0x5b7 Drivers\STM32L0xx_HAL_Driver\Src\stm32l0xx_hal_rcc.o
 .debug_loc     0x00000d28      0x73b Drivers\STM32L0xx_HAL_Driver\Src\stm32l0xx_hal_rcc_ex.o
 .debug_loc     0x00001463      0xfdf Drivers\STM32L0xx_HAL_Driver\Src\stm32l0xx_hal_spi.o
 .debug_loc     0x00002442     0x151a Drivers\STM32L0xx_HAL_Driver\Src\stm32l0xx_hal_uart.o
 .debug_loc     0x0000395c      0x200 Src\SX1238\SX1238_STM32_Driver.o
 .debug_loc     0x00003b5c       0x3a Src\main.o
 .debug_loc     0x00003b96       0x42 Src\spi.o
 .debug_loc     0x00003bd8      0x17f Src\system_stm32l0xx.o
 .debug_loc     0x00003d57       0x42 Src\usart.o

.debug_aranges  0x00000000      0x718
 .debug_aranges
                0x00000000       0xd8 Drivers\STM32L0xx_HAL_Driver\Src\stm32l0xx_hal.o
 .debug_aranges
                0x000000d8       0x80 Drivers\STM32L0xx_HAL_Driver\Src\stm32l0xx_hal_cortex.o
 .debug_aranges
                0x00000158       0x58 Drivers\STM32L0xx_HAL_Driver\Src\stm32l0xx_hal_gpio.o
 .debug_aranges
                0x000001b0       0x88 Drivers\STM32L0xx_HAL_Driver\Src\stm32l0xx_hal_rcc.o
 .debug_aranges
                0x00000238       0x98 Drivers\STM32L0xx_HAL_Driver\Src\stm32l0xx_hal_rcc_ex.o
 .debug_aranges
                0x000002d0      0x108 Drivers\STM32L0xx_HAL_Driver\Src\stm32l0xx_hal_spi.o
 .debug_aranges
                0x000003d8      0x188 Drivers\STM32L0xx_HAL_Driver\Src\stm32l0xx_hal_uart.o
 .debug_aranges
                0x00000560       0x60 Src\SX1238\SX1238_STM32_Driver.o
 .debug_aranges
                0x000005c0       0x20 Src\gpio.o
 .debug_aranges
                0x000005e0       0x38 Src\main.o
 .debug_aranges
                0x00000618       0x30 Src\spi.o
 .debug_aranges
                0x00000648       0x20 Src\stm32l0xx_hal_msp.o
 .debug_aranges
                0x00000668       0x30 Src\stm32l0xx_it.o
 .debug_aranges
                0x00000698       0x28 Src\system_stm32l0xx.o
 .debug_aranges
                0x000006c0       0x30 Src\usart.o
 .debug_aranges
                0x000006f0       0x28 startup\startup_stm32l073xx.o

.debug_ranges   0x00000000      0x880
 .debug_ranges  0x00000000       0xc8 Drivers\STM32L0xx_HAL_Driver\Src\stm32l0xx_hal.o
 .debug_ranges  0x000000c8      0x128 Drivers\STM32L0xx_HAL_Driver\Src\stm32l0xx_hal_cortex.o
 .debug_ranges  0x000001f0       0x48 Drivers\STM32L0xx_HAL_Driver\Src\stm32l0xx_hal_gpio.o
 .debug_ranges  0x00000238       0xe0 Drivers\STM32L0xx_HAL_Driver\Src\stm32l0xx_hal_rcc.o
 .debug_ranges  0x00000318       0xa8 Drivers\STM32L0xx_HAL_Driver\Src\stm32l0xx_hal_rcc_ex.o
 .debug_ranges  0x000003c0      0x158 Drivers\STM32L0xx_HAL_Driver\Src\stm32l0xx_hal_spi.o
 .debug_ranges  0x00000518      0x178 Drivers\STM32L0xx_HAL_Driver\Src\stm32l0xx_hal_uart.o
 .debug_ranges  0x00000690       0x68 Src\SX1238\SX1238_STM32_Driver.o
 .debug_ranges  0x000006f8       0xb8 Src\gpio.o
 .debug_ranges  0x000007b0       0x28 Src\main.o
 .debug_ranges  0x000007d8       0x20 Src\spi.o
 .debug_ranges  0x000007f8       0x10 Src\stm32l0xx_hal_msp.o
 .debug_ranges  0x00000808       0x20 Src\stm32l0xx_it.o
 .debug_ranges  0x00000828       0x18 Src\system_stm32l0xx.o
 .debug_ranges  0x00000840       0x20 Src\usart.o
 .debug_ranges  0x00000860       0x20 startup\startup_stm32l073xx.o

.debug_line     0x00000000     0x4ce1
 .debug_line    0x00000000      0x49c Drivers\STM32L0xx_HAL_Driver\Src\stm32l0xx_hal.o
 .debug_line    0x0000049c      0x47f Drivers\STM32L0xx_HAL_Driver\Src\stm32l0xx_hal_cortex.o
 .debug_line    0x0000091b      0x44e Drivers\STM32L0xx_HAL_Driver\Src\stm32l0xx_hal_gpio.o
 .debug_line    0x00000d69      0x678 Drivers\STM32L0xx_HAL_Driver\Src\stm32l0xx_hal_rcc.o
 .debug_line    0x000013e1      0x62c Drivers\STM32L0xx_HAL_Driver\Src\stm32l0xx_hal_rcc_ex.o
 .debug_line    0x00001a0d      0xbf5 Drivers\STM32L0xx_HAL_Driver\Src\stm32l0xx_hal_spi.o
 .debug_line    0x00002602      0xe28 Drivers\STM32L0xx_HAL_Driver\Src\stm32l0xx_hal_uart.o
 .debug_line    0x0000342a      0x411 Src\SX1238\SX1238_STM32_Driver.o
 .debug_line    0x0000383b      0x2a4 Src\gpio.o
 .debug_line    0x00003adf      0x40a Src\main.o
 .debug_line    0x00003ee9      0x302 Src\spi.o
 .debug_line    0x000041eb      0x262 Src\stm32l0xx_hal_msp.o
 .debug_line    0x0000444d      0x297 Src\stm32l0xx_it.o
 .debug_line    0x000046e4      0x286 Src\system_stm32l0xx.o
 .debug_line    0x0000496a      0x2f4 Src\usart.o
 .debug_line    0x00004c5e       0x83 startup\startup_stm32l073xx.o

.debug_str      0x00000000     0x2aa6
 .debug_str     0x00000000      0xb8e Drivers\STM32L0xx_HAL_Driver\Src\stm32l0xx_hal.o
                                0xc1b (size before relaxing)
 .debug_str     0x00000b8e      0x2b3 Drivers\STM32L0xx_HAL_Driver\Src\stm32l0xx_hal_cortex.o
                                0xb83 (size before relaxing)
 .debug_str     0x00000e41      0x1a4 Drivers\STM32L0xx_HAL_Driver\Src\stm32l0xx_hal_gpio.o
                                0x8df (size before relaxing)
 .debug_str     0x00000fe5      0x33b Drivers\STM32L0xx_HAL_Driver\Src\stm32l0xx_hal_rcc.o
                                0xb46 (size before relaxing)
 .debug_str     0x00001320      0x44c Drivers\STM32L0xx_HAL_Driver\Src\stm32l0xx_hal_rcc_ex.o
                                0xc36 (size before relaxing)
 .debug_str     0x0000176c      0x710 Drivers\STM32L0xx_HAL_Driver\Src\stm32l0xx_hal_spi.o
                                0xdff (size before relaxing)
 .debug_str     0x00001e7c      0x91e Drivers\STM32L0xx_HAL_Driver\Src\stm32l0xx_hal_uart.o
                               0x1350 (size before relaxing)
 .debug_str     0x0000279a      0x169 Src\SX1238\SX1238_STM32_Driver.o
                                0xdde (size before relaxing)
 .debug_str     0x00002903       0x2b Src\gpio.o
                                0x970 (size before relaxing)
 .debug_str     0x0000292e       0x89 Src\main.o
                               0x11aa (size before relaxing)
 .debug_str     0x000029b7       0x17 Src\spi.o
                                0xb75 (size before relaxing)
 .debug_str     0x000029ce       0x1b Src\stm32l0xx_hal_msp.o
                                0x8a5 (size before relaxing)
 .debug_str     0x000029e9       0x55 Src\stm32l0xx_it.o
                                0x6b3 (size before relaxing)
 .debug_str     0x00002a3e       0x4e Src\system_stm32l0xx.o
                                0x731 (size before relaxing)
 .debug_str     0x00002a8c       0x1a Src\usart.o
                                0xc28 (size before relaxing)

.comment        0x00000000       0x7c
 .comment       0x00000000       0x7c Drivers\STM32L0xx_HAL_Driver\Src\stm32l0xx_hal.o
                                 0x7d (size before relaxing)
 .comment       0x0000007c       0x7d Drivers\STM32L0xx_HAL_Driver\Src\stm32l0xx_hal_cortex.o
 .comment       0x0000007c       0x7d Drivers\STM32L0xx_HAL_Driver\Src\stm32l0xx_hal_gpio.o
 .comment       0x0000007c       0x7d Drivers\STM32L0xx_HAL_Driver\Src\stm32l0xx_hal_rcc.o
 .comment       0x0000007c       0x7d Drivers\STM32L0xx_HAL_Driver\Src\stm32l0xx_hal_rcc_ex.o
 .comment       0x0000007c       0x7d Drivers\STM32L0xx_HAL_Driver\Src\stm32l0xx_hal_spi.o
 .comment       0x0000007c       0x7d Drivers\STM32L0xx_HAL_Driver\Src\stm32l0xx_hal_uart.o
 .comment       0x0000007c       0x7d Src\SX1238\SX1238_STM32_Driver.o
 .comment       0x0000007c       0x7d Src\gpio.o
 .comment       0x0000007c       0x7d Src\main.o
 .comment       0x0000007c       0x7d Src\spi.o
 .comment       0x0000007c       0x7d Src\stm32l0xx_hal_msp.o
 .comment       0x0000007c       0x7d Src\stm32l0xx_it.o
 .comment       0x0000007c       0x7d Src\system_stm32l0xx.o
 .comment       0x0000007c       0x7d Src\usart.o

.debug_frame    0x00000000     0x134c
 .debug_frame   0x00000000      0x1c4 Drivers\STM32L0xx_HAL_Driver\Src\stm32l0xx_hal.o
 .debug_frame   0x000001c4       0xfc Drivers\STM32L0xx_HAL_Driver\Src\stm32l0xx_hal_cortex.o
 .debug_frame   0x000002c0       0xbc Drivers\STM32L0xx_HAL_Driver\Src\stm32l0xx_hal_gpio.o
 .debug_frame   0x0000037c      0x154 Drivers\STM32L0xx_HAL_Driver\Src\stm32l0xx_hal_rcc.o
 .debug_frame   0x000004d0      0x18c Drivers\STM32L0xx_HAL_Driver\Src\stm32l0xx_hal_rcc_ex.o
 .debug_frame   0x0000065c      0x3c8 Drivers\STM32L0xx_HAL_Driver\Src\stm32l0xx_hal_spi.o
 .debug_frame   0x00000a24      0x538 Drivers\STM32L0xx_HAL_Driver\Src\stm32l0xx_hal_uart.o
 .debug_frame   0x00000f5c      0x118 Src\SX1238\SX1238_STM32_Driver.o
 .debug_frame   0x00001074       0x30 Src\gpio.o
 .debug_frame   0x000010a4       0x70 Src\main.o
 .debug_frame   0x00001114       0x60 Src\spi.o
 .debug_frame   0x00001174       0x28 Src\stm32l0xx_hal_msp.o
 .debug_frame   0x0000119c       0x60 Src\stm32l0xx_it.o
 .debug_frame   0x000011fc       0x3c Src\system_stm32l0xx.o
 .debug_frame   0x00001238       0x64 Src\usart.o
 .debug_frame   0x0000129c       0x2c c:/program files (x86)/atollic/truestudio for stm32 9.0.1/armtools/bin/../lib/gcc/arm-atollic-eabi/6.3.1/../../../../arm-atollic-eabi/lib/armv6-m\libc_nano.a(lib_a-init.o)
 .debug_frame   0x000012c8       0x28 c:/program files (x86)/atollic/truestudio for stm32 9.0.1/armtools/bin/../lib/gcc/arm-atollic-eabi/6.3.1/../../../../arm-atollic-eabi/lib/armv6-m\libc_nano.a(lib_a-memcpy-stub.o)
 .debug_frame   0x000012f0       0x20 c:/program files (x86)/atollic/truestudio for stm32 9.0.1/armtools/bin/../lib/gcc/arm-atollic-eabi/6.3.1/armv6-m\libgcc.a(_udivsi3.o)
 .debug_frame   0x00001310       0x3c c:/program files (x86)/atollic/truestudio for stm32 9.0.1/armtools/bin/../lib/gcc/arm-atollic-eabi/6.3.1/armv6-m\libgcc.a(_udivmoddi4.o)
